// Jest Snapshot v1, https://goo.gl/fbAQLP

exports[`const version should read package.json and save file with version 1`] = `
"// THIS IS AN AUTOGENERATED FILE. DO NOT EDIT THIS FILE DIRECTLY.
export const VERSION = '1.2.3';"
`;
